Archive member included to satisfy reference by file (symbol)

c:/st/stm32cubeide_1.10.1/stm32cubeide/plugins/com.st.stm32cube.ide.mcu.externaltools.gnu-tools-for-stm32.10.3-2021.10.win32_1.0.0.202111181127/tools/bin/../lib/gcc/arm-none-eabi/10.3.1/../../../../arm-none-eabi/lib/thumb/v7-m/nofp\libc_nano.a(lib_a-errno.o)
                              ./Core/Src/syscalls.o (__errno)
c:/st/stm32cubeide_1.10.1/stm32cubeide/plugins/com.st.stm32cube.ide.mcu.externaltools.gnu-tools-for-stm32.10.3-2021.10.win32_1.0.0.202111181127/tools/bin/../lib/gcc/arm-none-eabi/10.3.1/../../../../arm-none-eabi/lib/thumb/v7-m/nofp\libc_nano.a(lib_a-exit.o)
                              c:/st/stm32cubeide_1.10.1/stm32cubeide/plugins/com.st.stm32cube.ide.mcu.externaltools.gnu-tools-for-stm32.10.3-2021.10.win32_1.0.0.202111181127/tools/bin/../lib/gcc/arm-none-eabi/10.3.1/../../../../arm-none-eabi/lib/thumb/v7-m/nofp/crt0.o (exit)
c:/st/stm32cubeide_1.10.1/stm32cubeide/plugins/com.st.stm32cube.ide.mcu.externaltools.gnu-tools-for-stm32.10.3-2021.10.win32_1.0.0.202111181127/tools/bin/../lib/gcc/arm-none-eabi/10.3.1/../../../../arm-none-eabi/lib/thumb/v7-m/nofp\libc_nano.a(lib_a-impure.o)
                              c:/st/stm32cubeide_1.10.1/stm32cubeide/plugins/com.st.stm32cube.ide.mcu.externaltools.gnu-tools-for-stm32.10.3-2021.10.win32_1.0.0.202111181127/tools/bin/../lib/gcc/arm-none-eabi/10.3.1/../../../../arm-none-eabi/lib/thumb/v7-m/nofp\libc_nano.a(lib_a-exit.o) (_global_impure_ptr)
c:/st/stm32cubeide_1.10.1/stm32cubeide/plugins/com.st.stm32cube.ide.mcu.externaltools.gnu-tools-for-stm32.10.3-2021.10.win32_1.0.0.202111181127/tools/bin/../lib/gcc/arm-none-eabi/10.3.1/../../../../arm-none-eabi/lib/thumb/v7-m/nofp\libc_nano.a(lib_a-init.o)
                              c:/st/stm32cubeide_1.10.1/stm32cubeide/plugins/com.st.stm32cube.ide.mcu.externaltools.gnu-tools-for-stm32.10.3-2021.10.win32_1.0.0.202111181127/tools/bin/../lib/gcc/arm-none-eabi/10.3.1/../../../../arm-none-eabi/lib/thumb/v7-m/nofp/crt0.o (__libc_init_array)
c:/st/stm32cubeide_1.10.1/stm32cubeide/plugins/com.st.stm32cube.ide.mcu.externaltools.gnu-tools-for-stm32.10.3-2021.10.win32_1.0.0.202111181127/tools/bin/../lib/gcc/arm-none-eabi/10.3.1/../../../../arm-none-eabi/lib/thumb/v7-m/nofp\libc_nano.a(lib_a-memset.o)
                              c:/st/stm32cubeide_1.10.1/stm32cubeide/plugins/com.st.stm32cube.ide.mcu.externaltools.gnu-tools-for-stm32.10.3-2021.10.win32_1.0.0.202111181127/tools/bin/../lib/gcc/arm-none-eabi/10.3.1/../../../../arm-none-eabi/lib/thumb/v7-m/nofp/crt0.o (memset)
c:/st/stm32cubeide_1.10.1/stm32cubeide/plugins/com.st.stm32cube.ide.mcu.externaltools.gnu-tools-for-stm32.10.3-2021.10.win32_1.0.0.202111181127/tools/bin/../lib/gcc/arm-none-eabi/10.3.1/thumb/v7-m/nofp\libgcc.a(_arm_muldf3.o)
                              ./Core/Src/main.o (__aeabi_dmul)
c:/st/stm32cubeide_1.10.1/stm32cubeide/plugins/com.st.stm32cube.ide.mcu.externaltools.gnu-tools-for-stm32.10.3-2021.10.win32_1.0.0.202111181127/tools/bin/../lib/gcc/arm-none-eabi/10.3.1/thumb/v7-m/nofp\libgcc.a(_arm_addsubdf3.o)
                              ./Core/Src/main.o (__aeabi_ui2d)
c:/st/stm32cubeide_1.10.1/stm32cubeide/plugins/com.st.stm32cube.ide.mcu.externaltools.gnu-tools-for-stm32.10.3-2021.10.win32_1.0.0.202111181127/tools/bin/../lib/gcc/arm-none-eabi/10.3.1/thumb/v7-m/nofp\libgcc.a(_arm_muldivdf3.o)
                              ./Core/Src/main.o (__aeabi_ddiv)
c:/st/stm32cubeide_1.10.1/stm32cubeide/plugins/com.st.stm32cube.ide.mcu.externaltools.gnu-tools-for-stm32.10.3-2021.10.win32_1.0.0.202111181127/tools/bin/../lib/gcc/arm-none-eabi/10.3.1/thumb/v7-m/nofp\libgcc.a(_arm_fixdfsi.o)
                              ./Core/Src/main.o (__aeabi_d2iz)

Discarded input sections

 .text          0x0000000000000000        0x0 c:/st/stm32cubeide_1.10.1/stm32cubeide/plugins/com.st.stm32cube.ide.mcu.externaltools.gnu-tools-for-stm32.10.3-2021.10.win32_1.0.0.202111181127/tools/bin/../lib/gcc/arm-none-eabi/10.3.1/thumb/v7-m/nofp/crti.o
 .data          0x0000000000000000        0x0 c:/st/stm32cubeide_1.10.1/stm32cubeide/plugins/com.st.stm32cube.ide.mcu.externaltools.gnu-tools-for-stm32.10.3-2021.10.win32_1.0.0.202111181127/tools/bin/../lib/gcc/arm-none-eabi/10.3.1/thumb/v7-m/nofp/crti.o
 .bss           0x0000000000000000        0x0 c:/st/stm32cubeide_1.10.1/stm32cubeide/plugins/com.st.stm32cube.ide.mcu.externaltools.gnu-tools-for-stm32.10.3-2021.10.win32_1.0.0.202111181127/tools/bin/../lib/gcc/arm-none-eabi/10.3.1/thumb/v7-m/nofp/crti.o
 .data          0x0000000000000000        0x4 c:/st/stm32cubeide_1.10.1/stm32cubeide/plugins/com.st.stm32cube.ide.mcu.externaltools.gnu-tools-for-stm32.10.3-2021.10.win32_1.0.0.202111181127/tools/bin/../lib/gcc/arm-none-eabi/10.3.1/thumb/v7-m/nofp/crtbegin.o
[...]
Memory Configuration

Name             Origin             Length             Attributes
RAM              0x0000000020000000 0x0000000000002800 xrw
FLASH            0x0000000008000000 0x0000000000008000 xr
*default*        0x0000000000000000 0xffffffffffffffff

Linker script and memory map

LOAD c:/st/stm32cubeide_1.10.1/stm32cubeide/plugins/com.st.stm32cube.ide.mcu.externaltools.gnu-tools-for-stm32.10.3-2021.10.win32_1.0.0.202111181127/tools/bin/../lib/gcc/arm-none-eabi/10.3.1/thumb/v7-m/nofp/crti.o
LOAD c:/st/stm32cubeide_1.10.1/stm32cubeide/plugins/com.st.stm32cube.ide.mcu.externaltools.gnu-tools-for-stm32.10.3-2021.10.win32_1.0.0.202111181127/tools/bin/../lib/gcc/arm-none-eabi/10.3.1/thumb/v7-m/nofp/crtbegin.o
LOAD c:/st/stm32cubeide_1.10.1/stm32cubeide/plugins/com.st.stm32cube.ide.mcu.externaltools.gnu-tools-for-stm32.10.3-2021.10.win32_1.0.0.202111181127/tools/bin/../lib/gcc/arm-none-eabi/10.3.1/../../../../arm-none-eabi/lib/thumb/v7-m/nofp/crt0.o
LOAD ./Core/Src/global.o
LOAD ./Core/Src/main.o
LOAD ./Core/Src/scheduler.o
LOAD ./Core/Src/software_timer.o
LOAD ./Core/Src/stm32f1xx_hal_msp.o
LOAD ./Core/Src/stm32f1xx_it.o
LOAD ./Core/Src/syscalls.o
LOAD ./Core/Src/sysmem.o
LOAD ./Core/Src/system_stm32f1xx.o
LOAD ./Core/Startup/startup_stm32f103c6ux.o
LOAD ./Drivers/STM32F1xx_HAL_Driver/Src/stm32f1xx_hal.o
LOAD ./Drivers/STM32F1xx_HAL_Driver/Src/stm32f1xx_hal_cortex.o
LOAD ./Drivers/STM32F1xx_HAL_Driver/Src/stm32f1xx_hal_dma.o
LOAD ./Drivers/STM32F1xx_HAL_Driver/Src/stm32f1xx_hal_exti.o
LOAD ./Drivers/STM32F1xx_HAL_Driver/Src/stm32f1xx_hal_flash.o
LOAD ./Drivers/STM32F1xx_HAL_Driver/Src/stm32f1xx_hal_flash_ex.o
LOAD ./Drivers/STM32F1xx_HAL_Driver/Src/stm32f1xx_hal_gpio.o
LOAD ./Drivers/STM32F1xx_HAL_Driver/Src/stm32f1xx_hal_gpio_ex.o
LOAD ./Drivers/STM32F1xx_HAL_Driver/Src/stm32f1xx_hal_pwr.o
LOAD ./Drivers/STM32F1xx_HAL_Driver/Src/stm32f1xx_hal_rcc.o
LOAD ./Drivers/STM32F1xx_HAL_Driver/Src/stm32f1xx_hal_rcc_ex.o
LOAD ./Drivers/STM32F1xx_HAL_Driver/Src/stm32f1xx_hal_tim.o
LOAD ./Drivers/STM32F1xx_HAL_Driver/Src/stm32f1xx_hal_tim_ex.o
LOAD ./Drivers/STM32F1xx_HAL_Driver/Src/stm32f1xx_hal_uart.o
START GROUP
LOAD c:/st/stm32cubeide_1.10.1/stm32cubeide/plugins/com.st.stm32cube.ide.mcu.externaltools.gnu-tools-for-stm32.10.3-2021.10.win32_1.0.0.202111181127/tools/bin/../lib/gcc/arm-none-eabi/10.3.1/../../../../arm-none-eabi/lib/thumb/v7-m/nofp\libc_nano.a
LOAD c:/st/stm32cubeide_1.10.1/stm32cubeide/plugins/com.st.stm32cube.ide.mcu.externaltools.gnu-tools-for-stm32.10.3-2021.10.win32_1.0.0.202111181127/tools/bin/../lib/gcc/arm-none-eabi/10.3.1/../../../../arm-none-eabi/lib/thumb/v7-m/nofp\libm.a
END GROUP
START GROUP
LOAD c:/st/stm32cubeide_1.10.1/stm32cubeide/plugins/com.st.stm32cube.ide.mcu.externaltools.gnu-tools-for-stm32.10.3-2021.10.win32_1.0.0.202111181127/tools/bin/../lib/gcc/arm-none-eabi/10.3.1/thumb/v7-m/nofp\libgcc.a
LOAD c:/st/stm32cubeide_1.10.1/stm32cubeide/plugins/com.st.stm32cube.ide.mcu.externaltools.gnu-tools-for-stm32.10.3-2021.10.win32_1.0.0.202111181127/tools/bin/../lib/gcc/arm-none-eabi/10.3.1/../../../../arm-none-eabi/lib/thumb/v7-m/nofp\libc_nano.a
END GROUP
START GROUP
LOAD c:/st/stm32cubeide_1.10.1/stm32cubeide/plugins/com.st.stm32cube.ide.mcu.externaltools.gnu-tools-for-stm32.10.3-2021.10.win32_1.0.0.202111181127/tools/bin/../lib/gcc/arm-none-eabi/10.3.1/thumb/v7-m/nofp\libgcc.a
LOAD c:/st/stm32cubeide_1.10.1/stm32cubeide/plugins/com.st.stm32cube.ide.mcu.externaltools.gnu-tools-for-stm32.10.3-2021.10.win32_1.0.0.202111181127/tools/bin/../lib/gcc/arm-none-eabi/10.3.1/../../../../arm-none-eabi/lib/thumb/v7-m/nofp\libc_nano.a
LOAD c:/st/stm32cubeide_1.10.1/stm32cubeide/plugins/com.st.stm32cube.ide.mcu.externaltools.gnu-tools-for-stm32.10.3-2021.10.win32_1.0.0.202111181127/tools/bin/../lib/gcc/arm-none-eabi/10.3.1/../../../../arm-none-eabi/lib/thumb/v7-m/nofp\libnosys.a
END GROUP
START GROUP
LOAD c:/st/stm32cubeide_1.10.1/stm32cubeide/plugins/com.st.stm32cube.ide.mcu.externaltools.gnu-tools-for-stm32.10.3-2021.10.win32_1.0.0.202111181127/tools/bin/../lib/gcc/arm-none-eabi/10.3.1/thumb/v7-m/nofp\libgcc.a
LOAD c:/st/stm32cubeide_1.10.1/stm32cubeide/plugins/com.st.stm32cube.ide.mcu.externaltools.gnu-tools-for-stm32.10.3-2021.10.win32_1.0.0.202111181127/tools/bin/../lib/gcc/arm-none-eabi/10.3.1/../../../../arm-none-eabi/lib/thumb/v7-m/nofp\libc_nano.a
LOAD c:/st/stm32cubeide_1.10.1/stm32cubeide/plugins/com.st.stm32cube.ide.mcu.externaltools.gnu-tools-for-stm32.10.3-2021.10.win32_1.0.0.202111181127/tools/bin/../lib/gcc/arm-none-eabi/10.3.1/../../../../arm-none-eabi/lib/thumb/v7-m/nofp\libnosys.a
END GROUP
LOAD c:/st/stm32cubeide_1.10.1/stm32cubeide/plugins/com.st.stm32cube.ide.mcu.externaltools.gnu-tools-for-stm32.10.3-2021.10.win32_1.0.0.202111181127/tools/bin/../lib/gcc/arm-none-eabi/10.3.1/thumb/v7-m/nofp/crtend.o
LOAD c:/st/stm32cubeide_1.10.1/stm32cubeide/plugins/com.st.stm32cube.ide.mcu.externaltools.gnu-tools-for-stm32.10.3-2021.10.win32_1.0.0.202111181127/tools/bin/../lib/gcc/arm-none-eabi/10.3.1/thumb/v7-m/nofp/crtn.o
                0x0000000020002800                _estack = (ORIGIN (RAM) + LENGTH (RAM))
                0x0000000000000200                _Min_Heap_Size = 0x200
                0x0000000000000400                _Min_Stack_Size = 0x400

.isr_vector     0x0000000008000000      0x10c
                0x0000000008000000                . = ALIGN (0x4)
 *(.isr_vector)
 .isr_vector    0x0000000008000000      0x10c ./Core/Startup/startup_stm32f103c6ux.o
                0x0000000008000000                g_pfnVectors
                0x000000000800010c                . = ALIGN (0x4)

.text           0x0000000008000110     0x314c
                0x0000000008000110                . = ALIGN (0x4)
 *(.text)
 .text          0x0000000008000110       0x40 c:/st/stm32cubeide_1.10.1/stm32cubeide/plugins/com.st.stm32cube.ide.mcu.externaltools.gnu-tools-for-stm32.10.3-2021.10.win32_1.0.0.202111181127/tools/bin/../lib/gcc/arm-none-eabi/10.3.1/thumb/v7-m/nofp/crtbegin.o
 .text          0x0000000008000150      0x378 c:/st/stm32cubeide_1.10.1/stm32cubeide/plugins/com.st.stm32cube.ide.mcu.externaltools.gnu-tools-for-stm32.10.3-2021.10.win32_1.0.0.202111181127/tools/bin/../lib/gcc/arm-none-eabi/10.3.1/thumb/v7-m/nofp\libgcc.a(_arm_addsubdf3.o)
                0x0000000008000150                __aeabi_drsub
                0x0000000008000158                __aeabi_dsub
                0x0000000008000158                __subdf3
                0x000000000800015c                __aeabi_dadd
                0x000000000800015c                __adddf3
                0x00000000080003d4                __floatunsidf
                0x00000000080003d4                __aeabi_ui2d
                0x00000000080003f4                __floatsidf
                0x00000000080003f4                __aeabi_i2d
                0x0000000008000418                __aeabi_f2d
                0x0000000008000418                __extendsfdf2
                0x000000000800045c                __floatundidf
                0x000000000800045c                __aeabi_ul2d
                0x000000000800046c                __floatdidf
                0x000000000800046c                __aeabi_l2d
 .text          0x00000000080004c8      0x424 c:/st/stm32cubeide_1.10.1/stm32cubeide/plugins/com.st.stm32cube.ide.mcu.externaltools.gnu-tools-for-stm32.10.3-2021.10.win32_1.0.0.202111181127/tools/bin/../lib/gcc/arm-none-eabi/10.3.1/thumb/v7-m/nofp\libgcc.a(_arm_muldivdf3.o)
                0x00000000080004c8                __aeabi_dmul
                0x00000000080004c8                __muldf3
                0x000000000800071c                __divdf3
                0x000000000800071c                __aeabi_ddiv
 .text          0x00000000080008ec       0x50 c:/st/stm32cubeide_1.10.1/stm32cubeide/plugins/com.st.stm32cube.ide.mcu.externaltools.gnu-tools-for-stm32.10.3-2021.10.win32_1.0.0.202111181127/tools/bin/../lib/gcc/arm-none-eabi/10.3.1/thumb/v7-m/nofp\libgcc.a(_arm_fixdfsi.o)
                0x00000000080008ec                __aeabi_d2iz
                0x00000000080008ec                __fixdfsi
 *(.text*)
 .text.blinkLed1
                0x000000000800093c       0x14 ./Core/Src/main.o
                0x000000000800093c                blinkLed1
 .text.blinkLed2
                0x0000000008000950       0x14 ./Core/Src/main.o
                0x0000000008000950                blinkLed2
 .text.blinkLed3
                0x0000000008000964       0x14 ./Core/Src/main.o
                0x0000000008000964                blinkLed3
 .text.blinkLed4
                0x0000000008000978       0x18 ./Core/Src/main.o
                0x0000000008000978                blinkLed4
 .text.blinkLed5
                0x0000000008000990       0x18 ./Core/Src/main.o
                0x0000000008000990                blinkLed5
 .text.oneshot  0x00000000080009a8       0x18 ./Core/Src/main.o
                0x00000000080009a8                oneshot
 .text.main     0x00000000080009c0       0x94 ./Core/Src/main.o
                0x00000000080009c0                main
 .text.SystemClock_Config
                0x0000000008000a54       0x76 ./Core/Src/main.o
                0x0000000008000a54                SystemClock_Config
 *fill*         0x0000000008000aca        0x6 
 .text.MX_TIM2_Init
                0x0000000008000ad0      0x118 ./Core/Src/main.o
 .text.MX_USART2_UART_Init
                0x0000000008000be8       0x54 ./Core/Src/main.o
 .text.MX_GPIO_Init
                0x0000000008000c3c       0x68 ./Core/Src/main.o
 .text.HAL_TIM_PeriodElapsedCallback
                0x0000000008000ca4       0x18 ./Core/Src/main.o
                0x0000000008000ca4                HAL_TIM_PeriodElapsedCallback
 .text.Error_Handler
                0x0000000008000cbc        0xa ./Core/Src/main.o
                0x0000000008000cbc                Error_Handler
 *fill*         0x0000000008000cc6        0x2 
 .text.SCH_Init
                0x0000000008000cc8       0x34 ./Core/Src/scheduler.o
                0x0000000008000cc8                SCH_Init
 .text.SCH_Add_Task
                0x0000000008000cfc       0xbc ./Core/Src/scheduler.o
                0x0000000008000cfc                SCH_Add_Task
 .text.SCH_Update
                0x0000000008000db8       0xdc ./Core/Src/scheduler.o
                0x0000000008000db8                SCH_Update
 .text.SCH_Dispatch_Tasks
                0x0000000008000e94       0x98 ./Core/Src/scheduler.o
                0x0000000008000e94                SCH_Dispatch_Tasks
 .text.SCH_Delete_Task
                0x0000000008000f2c       0xa0 ./Core/Src/scheduler.o
                0x0000000008000f2c                SCH_Delete_Task
 .text.setTimer1
                0x0000000008000fcc       0x34 ./Core/Src/software_timer.o
                0x0000000008000fcc                setTimer1
 .text.timerRun
                0x0000000008001000       0x5c ./Core/Src/software_timer.o
                0x0000000008001000                timerRun
 .text.HAL_MspInit
                0x000000000800105c       0x44 ./Core/Src/stm32f1xx_hal_msp.o
                0x000000000800105c                HAL_MspInit
 .text.HAL_TIM_Base_MspInit
                0x00000000080010a0       0x48 ./Core/Src/stm32f1xx_hal_msp.o
                0x00000000080010a0                HAL_TIM_Base_MspInit
 .text.HAL_UART_MspInit
                0x00000000080010e8       0xa4 ./Core/Src/stm32f1xx_hal_msp.o
                0x00000000080010e8                HAL_UART_MspInit
 .text.NMI_Handler
                0x000000000800118c        0x6 ./Core/Src/stm32f1xx_it.o
                0x000000000800118c                NMI_Handler
 .text.HardFault_Handler
                0x0000000008001192        0x6 ./Core/Src/stm32f1xx_it.o
                0x0000000008001192                HardFault_Handler
 .text.MemManage_Handler
                0x0000000008001198        0x6 ./Core/Src/stm32f1xx_it.o
                0x0000000008001198                MemManage_Handler
 .text.BusFault_Handler
                0x000000000800119e        0x6 ./Core/Src/stm32f1xx_it.o
                0x000000000800119e                BusFault_Handler
 .text.UsageFault_Handler
                0x00000000080011a4        0x6 ./Core/Src/stm32f1xx_it.o
                0x00000000080011a4                UsageFault_Handler
 .text.SVC_Handler
                0x00000000080011aa        0xc ./Core/Src/stm32f1xx_it.o
                0x00000000080011aa                SVC_Handler
 .text.DebugMon_Handler
                0x00000000080011b6        0xc ./Core/Src/stm32f1xx_it.o
                0x00000000080011b6                DebugMon_Handler
 .text.PendSV_Handler
                0x00000000080011c2        0xc ./Core/Src/stm32f1xx_it.o
                0x00000000080011c2                PendSV_Handler
 .text.SysTick_Handler
                0x00000000080011ce        0xc ./Core/Src/stm32f1xx_it.o
                0x00000000080011ce                SysTick_Handler
 *fill*         0x00000000080011da        0x2 
 .text.TIM2_IRQHandler
                0x00000000080011dc       0x14 ./Core/Src/stm32f1xx_it.o
                0x00000000080011dc                TIM2_IRQHandler
 .text.USART2_IRQHandler
                0x00000000080011f0       0x14 ./Core/Src/stm32f1xx_it.o
                0x00000000080011f0                USART2_IRQHandler
 .text.SystemInit
                0x0000000008001204        0xc ./Core/Src/system_stm32f1xx.o
                0x0000000008001204                SystemInit
 .text.Reset_Handler
                0x0000000008001210       0x48 ./Core/Startup/startup_stm32f103c6ux.o
                0x0000000008001210                Reset_Handler
 .text.Default_Handler
                0x0000000008001258        0x2 ./Core/Startup/startup_stm32f103c6ux.o
                0x0000000008001258                RTC_Alarm_IRQHandler
                0x0000000008001258                EXTI2_IRQHandler
                0x0000000008001258                TIM1_CC_IRQHandler
                0x0000000008001258                PVD_IRQHandler
                0x0000000008001258                EXTI3_IRQHandler
                0x0000000008001258                EXTI0_IRQHandler
                0x0000000008001258                ADC1_2_IRQHandler
                0x0000000008001258                SPI1_IRQHandler
                0x0000000008001258                TAMPER_IRQHandler
                0x0000000008001258                DMA1_Channel4_IRQHandler
                0x0000000008001258                RTC_IRQHandler
                0x0000000008001258                DMA1_Channel7_IRQHandler
                0x0000000008001258                CAN1_RX1_IRQHandler
                0x0000000008001258                I2C1_EV_IRQHandler
                0x0000000008001258                DMA1_Channel6_IRQHandler
                0x0000000008001258                TIM3_IRQHandler
                0x0000000008001258                RCC_IRQHandler
                0x0000000008001258                TIM1_TRG_COM_IRQHandler
                0x0000000008001258                DMA1_Channel1_IRQHandler
                0x0000000008001258                Default_Handler
                0x0000000008001258                EXTI15_10_IRQHandler
                0x0000000008001258                EXTI9_5_IRQHandler
                0x0000000008001258                DMA1_Channel5_IRQHandler
                0x0000000008001258                EXTI4_IRQHandler
                0x0000000008001258                USB_LP_CAN1_RX0_IRQHandler
                0x0000000008001258                USB_HP_CAN1_TX_IRQHandler
                0x0000000008001258                DMA1_Channel3_IRQHandler
                0x0000000008001258                TIM1_UP_IRQHandler
                0x0000000008001258                WWDG_IRQHandler
                0x0000000008001258                TIM1_BRK_IRQHandler
                0x0000000008001258                EXTI1_IRQHandler
                0x0000000008001258                DMA1_Channel2_IRQHandler
                0x0000000008001258                CAN1_SCE_IRQHandler
                0x0000000008001258                FLASH_IRQHandler
                0x0000000008001258                USART1_IRQHandler
                0x0000000008001258                I2C1_ER_IRQHandler
                0x0000000008001258                USBWakeUp_IRQHandler
 *fill*         0x000000000800125a        0x2 
 .text.HAL_Init
                0x000000000800125c       0x2c ./Drivers/STM32F1xx_HAL_Driver/Src/stm32f1xx_hal.o
                0x000000000800125c                HAL_Init
 .text.HAL_InitTick
                0x0000000008001288       0x60 ./Drivers/STM32F1xx_HAL_Driver/Src/stm32f1xx_hal.o
                0x0000000008001288                HAL_InitTick
 .text.HAL_IncTick
                0x00000000080012e8       0x24 ./Drivers/STM32F1xx_HAL_Driver/Src/stm32f1xx_hal.o
                0x00000000080012e8                HAL_IncTick
 .text.HAL_GetTick
                0x000000000800130c       0x14 ./Drivers/STM32F1xx_HAL_Driver/Src/stm32f1xx_hal.o
                0x000000000800130c                HAL_GetTick
 .text.__NVIC_SetPriorityGrouping
                0x0000000008001320       0x48 ./Drivers/STM32F1xx_HAL_Driver/Src/stm32f1xx_hal_cortex.o
 .text.__NVIC_GetPriorityGrouping
                0x0000000008001368       0x1c ./Drivers/STM32F1xx_HAL_Driver/Src/stm32f1xx_hal_cortex.o
 .text.__NVIC_EnableIRQ
                0x0000000008001384       0x38 ./Drivers/STM32F1xx_HAL_Driver/Src/stm32f1xx_hal_cortex.o
 .text.__NVIC_SetPriority
                0x00000000080013bc       0x54 ./Drivers/STM32F1xx_HAL_Driver/Src/stm32f1xx_hal_cortex.o
 .text.NVIC_EncodePriority
                0x0000000008001410       0x64 ./Drivers/STM32F1xx_HAL_Driver/Src/stm32f1xx_hal_cortex.o
 .text.SysTick_Config
                0x0000000008001474       0x44 ./Drivers/STM32F1xx_HAL_Driver/Src/stm32f1xx_hal_cortex.o
 .text.HAL_NVIC_SetPriorityGrouping
                0x00000000080014b8       0x16 ./Drivers/STM32F1xx_HAL_Driver/Src/stm32f1xx_hal_cortex.o
                0x00000000080014b8                HAL_NVIC_SetPriorityGrouping
 .text.HAL_NVIC_SetPriority
                0x00000000080014ce       0x38 ./Drivers/STM32F1xx_HAL_Driver/Src/stm32f1xx_hal_cortex.o
                0x00000000080014ce                HAL_NVIC_SetPriority
 .text.HAL_NVIC_EnableIRQ
                0x0000000008001506       0x1c ./Drivers/STM32F1xx_HAL_Driver/Src/stm32f1xx_hal_cortex.o
                0x0000000008001506                HAL_NVIC_EnableIRQ
 .text.HAL_SYSTICK_Config
                0x0000000008001522       0x18 ./Drivers/STM32F1xx_HAL_Driver/Src/stm32f1xx_hal_cortex.o
                0x0000000008001522                HAL_SYSTICK_Config
 .text.HAL_DMA_Abort
                0x000000000800153a       0x74 ./Drivers/STM32F1xx_HAL_Driver/Src/stm32f1xx_hal_dma.o
                0x000000000800153a                HAL_DMA_Abort
 *fill*         0x00000000080015ae        0x2 
 .text.HAL_DMA_Abort_IT
                0x00000000080015b0       0xec ./Drivers/STM32F1xx_HAL_Driver/Src/stm32f1xx_hal_dma.o
                0x00000000080015b0                HAL_DMA_Abort_IT
 .text.HAL_GPIO_Init
                0x000000000800169c      0x2f8 ./Drivers/STM32F1xx_HAL_Driver/Src/stm32f1xx_hal_gpio.o
                0x000000000800169c                HAL_GPIO_Init
 .text.HAL_GPIO_WritePin
                0x0000000008001994       0x30 ./Drivers/STM32F1xx_HAL_Driver/Src/stm32f1xx_hal_gpio.o
                0x0000000008001994                HAL_GPIO_WritePin
 .text.HAL_GPIO_TogglePin
                0x00000000080019c4       0x32 ./Drivers/STM32F1xx_HAL_Driver/Src/stm32f1xx_hal_gpio.o
                0x00000000080019c4                HAL_GPIO_TogglePin
 *fill*         0x00000000080019f6        0x2 
 .text.HAL_RCC_OscConfig
                0x00000000080019f8      0x504 ./Drivers/STM32F1xx_HAL_Driver/Src/stm32f1xx_hal_rcc.o
                0x00000000080019f8                HAL_RCC_OscConfig
 .text.HAL_RCC_ClockConfig
                0x0000000008001efc      0x1d4 ./Drivers/STM32F1xx_HAL_Driver/Src/stm32f1xx_hal_rcc.o
                0x0000000008001efc                HAL_RCC_ClockConfig
 .text.HAL_RCC_GetSysClockFreq
                0x00000000080020d0       0xbc ./Drivers/STM32F1xx_HAL_Driver/Src/stm32f1xx_hal_rcc.o
                0x00000000080020d0                HAL_RCC_GetSysClockFreq
 .text.HAL_RCC_GetHCLKFreq
                0x000000000800218c       0x14 ./Drivers/STM32F1xx_HAL_Driver/Src/stm32f1xx_hal_rcc.o
                0x000000000800218c                HAL_RCC_GetHCLKFreq
 .text.HAL_RCC_GetPCLK1Freq
                0x00000000080021a0       0x28 ./Drivers/STM32F1xx_HAL_Driver/Src/stm32f1xx_hal_rcc.o
                0x00000000080021a0                HAL_RCC_GetPCLK1Freq
 .text.HAL_RCC_GetPCLK2Freq
                0x00000000080021c8       0x28 ./Drivers/STM32F1xx_HAL_Driver/Src/stm32f1xx_hal_rcc.o
                0x00000000080021c8                HAL_RCC_GetPCLK2Freq
 .text.RCC_Delay
                0x00000000080021f0       0x3c ./Drivers/STM32F1xx_HAL_Driver/Src/stm32f1xx_hal_rcc.o
 .text.HAL_TIM_Base_Init
                0x000000000800222c       0x9e ./Drivers/STM32F1xx_HAL_Driver/Src/stm32f1xx_hal_tim.o
                0x000000000800222c                HAL_TIM_Base_Init
 *fill*         0x00000000080022ca        0x2 
 .text.HAL_TIM_Base_Start_IT
                0x00000000080022cc       0x98 ./Drivers/STM32F1xx_HAL_Driver/Src/stm32f1xx_hal_tim.o
                0x00000000080022cc                HAL_TIM_Base_Start_IT
 .text.HAL_TIM_IRQHandler
                0x0000000008002364      0x210 ./Drivers/STM32F1xx_HAL_Driver/Src/stm32f1xx_hal_tim.o
                0x0000000008002364                HAL_TIM_IRQHandler
 .text.HAL_TIM_ConfigClockSource
                0x0000000008002574      0x188 ./Drivers/STM32F1xx_HAL_Driver/Src/stm32f1xx_hal_tim.o
                0x0000000008002574                HAL_TIM_ConfigClockSource
 .text.HAL_TIM_OC_DelayElapsedCallback
                0x00000000080026fc       0x12 ./Drivers/STM32F1xx_HAL_Driver/Src/stm32f1xx_hal_tim.o
                0x00000000080026fc                HAL_TIM_OC_DelayElapsedCallback
 .text.HAL_TIM_IC_CaptureCallback
                0x000000000800270e       0x12 ./Drivers/STM32F1xx_HAL_Driver/Src/stm32f1xx_hal_tim.o
                0x000000000800270e                HAL_TIM_IC_CaptureCallback
 .text.HAL_TIM_PWM_PulseFinishedCallback
                0x0000000008002720       0x12 ./Drivers/STM32F1xx_HAL_Driver/Src/stm32f1xx_hal_tim.o
                0x0000000008002720                HAL_TIM_PWM_PulseFinishedCallback
 .text.HAL_TIM_TriggerCallback
                0x0000000008002732       0x12 ./Drivers/STM32F1xx_HAL_Driver/Src/stm32f1xx_hal_tim.o
                0x0000000008002732                HAL_TIM_TriggerCallback
 .text.TIM_Base_SetConfig
                0x0000000008002744       0xb0 ./Drivers/STM32F1xx_HAL_Driver/Src/stm32f1xx_hal_tim.o
                0x0000000008002744                TIM_Base_SetConfig
 .text.TIM_TI1_ConfigInputStage
                0x00000000080027f4       0x5c ./Drivers/STM32F1xx_HAL_Driver/Src/stm32f1xx_hal_tim.o
 .text.TIM_TI2_ConfigInputStage
                0x0000000008002850       0x5e ./Drivers/STM32F1xx_HAL_Driver/Src/stm32f1xx_hal_tim.o
 .text.TIM_ITRx_SetConfig
                0x00000000080028ae       0x34 ./Drivers/STM32F1xx_HAL_Driver/Src/stm32f1xx_hal_tim.o
 .text.TIM_ETR_SetConfig
                0x00000000080028e2       0x3e ./Drivers/STM32F1xx_HAL_Driver/Src/stm32f1xx_hal_tim.o
                0x00000000080028e2                TIM_ETR_SetConfig
 .text.HAL_TIMEx_MasterConfigSynchronization
                0x0000000008002920       0xb0 ./Drivers/STM32F1xx_HAL_Driver/Src/stm32f1xx_hal_tim_ex.o
                0x0000000008002920                HAL_TIMEx_MasterConfigSynchronization
 .text.HAL_TIMEx_CommutCallback
                0x00000000080029d0       0x12 ./Drivers/STM32F1xx_HAL_Driver/Src/stm32f1xx_hal_tim_ex.o
                0x00000000080029d0                HAL_TIMEx_CommutCallback
 .text.HAL_TIMEx_BreakCallback
                0x00000000080029e2       0x12 ./Drivers/STM32F1xx_HAL_Driver/Src/stm32f1xx_hal_tim_ex.o
                0x00000000080029e2                HAL_TIMEx_BreakCallback
 .text.HAL_UART_Init
                0x00000000080029f4       0x9a ./Drivers/STM32F1xx_HAL_Driver/Src/stm32f1xx_hal_uart.o
                0x00000000080029f4                HAL_UART_Init
 *fill*         0x0000000008002a8e        0x2 
 .text.HAL_UART_IRQHandler
                0x0000000008002a90      0x354 ./Drivers/STM32F1xx_HAL_Driver/Src/stm32f1xx_hal_uart.o
                0x0000000008002a90                HAL_UART_IRQHandler
 .text.HAL_UART_TxCpltCallback
                0x0000000008002de4       0x12 ./Drivers/STM32F1xx_HAL_Driver/Src/stm32f1xx_hal_uart.o
                0x0000000008002de4                HAL_UART_TxCpltCallback
 .text.HAL_UART_RxCpltCallback
                0x0000000008002df6       0x12 ./Drivers/STM32F1xx_HAL_Driver/Src/stm32f1xx_hal_uart.o
                0x0000000008002df6                HAL_UART_RxCpltCallback
 .text.HAL_UART_ErrorCallback
                0x0000000008002e08       0x12 ./Drivers/STM32F1xx_HAL_Driver/Src/stm32f1xx_hal_uart.o
                0x0000000008002e08                HAL_UART_ErrorCallback
 .text.HAL_UARTEx_RxEventCallback
                0x0000000008002e1a       0x16 ./Drivers/STM32F1xx_HAL_Driver/Src/stm32f1xx_hal_uart.o
                0x0000000008002e1a                HAL_UARTEx_RxEventCallback
 .text.UART_EndRxTransfer
                0x0000000008002e30       0x58 ./Drivers/STM32F1xx_HAL_Driver/Src/stm32f1xx_hal_uart.o
 .text.UART_DMAAbortOnError
                0x0000000008002e88       0x28 ./Drivers/STM32F1xx_HAL_Driver/Src/stm32f1xx_hal_uart.o
 .text.UART_Transmit_IT
                0x0000000008002eb0       0x9e ./Drivers/STM32F1xx_HAL_Driver/Src/stm32f1xx_hal_uart.o
 .text.UART_EndTransmit_IT
                0x0000000008002f4e       0x30 ./Drivers/STM32F1xx_HAL_Driver/Src/stm32f1xx_hal_uart.o
 .text.UART_Receive_IT
                0x0000000008002f7e      0x152 ./Drivers/STM32F1xx_HAL_Driver/Src/stm32f1xx_hal_uart.o
 .text.UART_SetConfig
                0x00000000080030d0      0x11c ./Drivers/STM32F1xx_HAL_Driver/Src/stm32f1xx_hal_uart.o
 .text.__libc_init_array
                0x00000000080031ec       0x48 c:/st/stm32cubeide_1.10.1/stm32cubeide/plugins/com.st.stm32cube.ide.mcu.externaltools.gnu-tools-for-stm32.10.3-2021.10.win32_1.0.0.202111181127/tools/bin/../lib/gcc/arm-none-eabi/10.3.1/../../../../arm-none-eabi/lib/thumb/v7-m/nofp\libc_nano.a(lib_a-init.o)
                0x00000000080031ec                __libc_init_array
 .text.memset   0x0000000008003234       0x10 c:/st/stm32cubeide_1.10.1/stm32cubeide/plugins/com.st.stm32cube.ide.mcu.externaltools.gnu-tools-for-stm32.10.3-2021.10.win32_1.0.0.202111181127/tools/bin/../lib/gcc/arm-none-eabi/10.3.1/../../../../arm-none-eabi/lib/thumb/v7-m/nofp\libc_nano.a(lib_a-memset.o)
                0x0000000008003234                memset
 *(.glue_7)
 .glue_7        0x0000000008003244        0x0 linker stubs
 *(.glue_7t)
 .glue_7t       0x0000000008003244        0x0 linker stubs
 *(.eh_frame)
 .eh_frame      0x0000000008003244        0x0 c:/st/stm32cubeide_1.10.1/stm32cubeide/plugins/com.st.stm32cube.ide.mcu.externaltools.gnu-tools-for-stm32.10.3-2021.10.win32_1.0.0.202111181127/tools/bin/../lib/gcc/arm-none-eabi/10.3.1/thumb/v7-m/nofp/crtbegin.o
 *(.init)
 .init          0x0000000008003244        0x4 c:/st/stm32cubeide_1.10.1/stm32cubeide/plugins/com.st.stm32cube.ide.mcu.externaltools.gnu-tools-for-stm32.10.3-2021.10.win32_1.0.0.202111181127/tools/bin/../lib/gcc/arm-none-eabi/10.3.1/thumb/v7-m/nofp/crti.o
                0x0000000008003244                _init
 .init          0x0000000008003248        0x8 c:/st/stm32cubeide_1.10.1/stm32cubeide/plugins/com.st.stm32cube.ide.mcu.externaltools.gnu-tools-for-stm32.10.3-2021.10.win32_1.0.0.202111181127/tools/bin/../lib/gcc/arm-none-eabi/10.3.1/thumb/v7-m/nofp/crtn.o
 *(.fini)
 .fini          0x0000000008003250        0x4 c:/st/stm32cubeide_1.10.1/stm32cubeide/plugins/com.st.stm32cube.ide.mcu.externaltools.gnu-tools-for-stm32.10.3-2021.10.win32_1.0.0.202111181127/tools/bin/../lib/gcc/arm-none-eabi/10.3.1/thumb/v7-m/nofp/crti.o
                0x0000000008003250                _fini
 .fini          0x0000000008003254        0x8 c:/st/stm32cubeide_1.10.1/stm32cubeide/plugins/com.st.stm32cube.ide.mcu.externaltools.gnu-tools-for-stm32.10.3-2021.10.win32_1.0.0.202111181127/tools/bin/../lib/gcc/arm-none-eabi/10.3.1/thumb/v7-m/nofp/crtn.o
                0x000000000800325c                . = ALIGN (0x4)
                0x000000000800325c                _etext = .

.vfp11_veneer   0x000000000800325c        0x0
 .vfp11_veneer  0x000000000800325c        0x0 linker stubs

.v4_bx          0x000000000800325c        0x0
 .v4_bx         0x000000000800325c        0x0 linker stubs

.iplt           0x000000000800325c        0x0
 .iplt          0x000000000800325c        0x0 c:/st/stm32cubeide_1.10.1/stm32cubeide/plugins/com.st.stm32cube.ide.mcu.externaltools.gnu-tools-for-stm32.10.3-2021.10.win32_1.0.0.202111181127/tools/bin/../lib/gcc/arm-none-eabi/10.3.1/thumb/v7-m/nofp/crtbegin.o

.rodata         0x000000000800325c       0x4c
                0x000000000800325c                . = ALIGN (0x4)
 *(.rodata)
 .rodata        0x000000000800325c       0x23 ./Core/Src/scheduler.o
 *fill*         0x000000000800327f        0x1 
 .rodata        0x0000000008003280       0x10 ./Drivers/STM32F1xx_HAL_Driver/Src/stm32f1xx_hal_rcc.o
 *(.rodata*)
 .rodata.AHBPrescTable
                0x0000000008003290       0x10 ./Core/Src/system_stm32f1xx.o
                0x0000000008003290                AHBPrescTable
 .rodata.APBPrescTable
                0x00000000080032a0        0x8 ./Core/Src/system_stm32f1xx.o
                0x00000000080032a0                APBPrescTable
                0x00000000080032a8                . = ALIGN (0x4)

.rel.dyn        0x00000000080032a8        0x0
 .rel.iplt      0x00000000080032a8        0x0 c:/st/stm32cubeide_1.10.1/stm32cubeide/plugins/com.st.stm32cube.ide.mcu.externaltools.gnu-tools-for-stm32.10.3-2021.10.win32_1.0.0.202111181127/tools/bin/../lib/gcc/arm-none-eabi/10.3.1/thumb/v7-m/nofp/crtbegin.o

.ARM.extab      0x00000000080032a8        0x0
                0x00000000080032a8                . = ALIGN (0x4)
 *(.ARM.extab* .gnu.linkonce.armextab.*)
                0x00000000080032a8                . = ALIGN (0x4)

.ARM            0x00000000080032a8        0x0
                0x00000000080032a8                . = ALIGN (0x4)
                0x00000000080032a8                __exidx_start = .
 *(.ARM.exidx*)
                0x00000000080032a8                __exidx_end = .
                0x00000000080032a8                . = ALIGN (0x4)

.preinit_array  0x00000000080032a8        0x0
                0x00000000080032a8                . = ALIGN (0x4)
                0x00000000080032a8                PROVIDE (__preinit_array_start = .)
 *(.preinit_array*)
                0x00000000080032a8                PROVIDE (__preinit_array_end = .)
                0x00000000080032a8                . = ALIGN (0x4)

.init_array     0x00000000080032a8        0x4
                0x00000000080032a8                . = ALIGN (0x4)
                0x00000000080032a8                PROVIDE (__init_array_start = .)
 *(SORT_BY_NAME(.init_array.*))
 *(.init_array*)
 .init_array    0x00000000080032a8        0x4 c:/st/stm32cubeide_1.10.1/stm32cubeide/plugins/com.st.stm32cube.ide.mcu.externaltools.gnu-tools-for-stm32.10.3-2021.10.win32_1.0.0.202111181127/tools/bin/../lib/gcc/arm-none-eabi/10.3.1/thumb/v7-m/nofp/crtbegin.o
                0x00000000080032ac                PROVIDE (__init_array_end = .)
                0x00000000080032ac                . = ALIGN (0x4)

.fini_array     0x00000000080032ac        0x4
                0x00000000080032ac                . = ALIGN (0x4)
                [!provide]                        PROVIDE (__fini_array_start = .)
 *(SORT_BY_NAME(.fini_array.*))
 *(.fini_array*)
 .fini_array    0x00000000080032ac        0x4 c:/st/stm32cubeide_1.10.1/stm32cubeide/plugins/com.st.stm32cube.ide.mcu.externaltools.gnu-tools-for-stm32.10.3-2021.10.win32_1.0.0.202111181127/tools/bin/../lib/gcc/arm-none-eabi/10.3.1/thumb/v7-m/nofp/crtbegin.o
                [!provide]                        PROVIDE (__fini_array_end = .)
                0x00000000080032b0                . = ALIGN (0x4)
                0x00000000080032b0                _sidata = LOADADDR (.data)

.data           0x0000000020000000       0x10 load address 0x00000000080032b0
                0x0000000020000000                . = ALIGN (0x4)
                0x0000000020000000                _sdata = .
 *(.data)
 *(.data*)
 .data.CYCLE    0x0000000020000000        0x4 ./Core/Src/global.o
                0x0000000020000000                CYCLE
 .data.SystemCoreClock
                0x0000000020000004        0x4 ./Core/Src/system_stm32f1xx.o
                0x0000000020000004                SystemCoreClock
 .data.uwTickPrio
                0x0000000020000008        0x4 ./Drivers/STM32F1xx_HAL_Driver/Src/stm32f1xx_hal.o
                0x0000000020000008                uwTickPrio
 .data.uwTickFreq
                0x000000002000000c        0x1 ./Drivers/STM32F1xx_HAL_Driver/Src/stm32f1xx_hal.o
                0x000000002000000c                uwTickFreq
 *(.RamFunc)
 *(.RamFunc*)
                0x0000000020000010                . = ALIGN (0x4)
 *fill*         0x000000002000000d        0x3 
                0x0000000020000010                _edata = .

.igot.plt       0x0000000020000010        0x0 load address 0x00000000080032c0
 .igot.plt      0x0000000020000010        0x0 c:/st/stm32cubeide_1.10.1/stm32cubeide/plugins/com.st.stm32cube.ide.mcu.externaltools.gnu-tools-for-stm32.10.3-2021.10.win32_1.0.0.202111181127/tools/bin/../lib/gcc/arm-none-eabi/10.3.1/thumb/v7-m/nofp/crtbegin.o
                0x0000000020000010                . = ALIGN (0x4)

.bss            0x0000000020000010      0x3e0 load address 0x00000000080032c0
                0x0000000020000010                _sbss = .
                0x0000000020000010                __bss_start__ = _sbss
 *(.bss)
 .bss           0x0000000020000010       0x1c c:/st/stm32cubeide_1.10.1/stm32cubeide/plugins/com.st.stm32cube.ide.mcu.externaltools.gnu-tools-for-stm32.10.3-2021.10.win32_1.0.0.202111181127/tools/bin/../lib/gcc/arm-none-eabi/10.3.1/thumb/v7-m/nofp/crtbegin.o
 *(.bss*)
 .bss.htim2     0x000000002000002c       0x48 ./Core/Src/main.o
                0x000000002000002c                htim2
 .bss.huart2    0x0000000020000074       0x44 ./Core/Src/main.o
                0x0000000020000074                huart2
 .bss.SCH_tasks_G
                0x00000000200000b8      0x320 ./Core/Src/scheduler.o
                0x00000000200000b8                SCH_tasks_G
 .bss.Error_code_G
                0x00000000200003d8        0x1 ./Core/Src/scheduler.o
                0x00000000200003d8                Error_code_G
 *fill*         0x00000000200003d9        0x3 
 .bss.timer1_counter
                0x00000000200003dc        0x4 ./Core/Src/software_timer.o
                0x00000000200003dc                timer1_counter
 .bss.timer2_counter
                0x00000000200003e0        0x4 ./Core/Src/software_timer.o
                0x00000000200003e0                timer2_counter
 .bss.timer1_flag
                0x00000000200003e4        0x4 ./Core/Src/software_timer.o
                0x00000000200003e4                timer1_flag
 .bss.timer2_flag
                0x00000000200003e8        0x4 ./Core/Src/software_timer.o
                0x00000000200003e8                timer2_flag
 .bss.uwTick    0x00000000200003ec        0x4 ./Drivers/STM32F1xx_HAL_Driver/Src/stm32f1xx_hal.o
                0x00000000200003ec                uwTick
 *(COMMON)
                0x00000000200003f0                . = ALIGN (0x4)
                0x00000000200003f0                _ebss = .
                0x00000000200003f0                __bss_end__ = _ebss

._user_heap_stack
                0x00000000200003f0      0x600 load address 0x00000000080032c0
                0x00000000200003f0                . = ALIGN (0x8)
                [!provide]                        PROVIDE (end = .)
                0x00000000200003f0                PROVIDE (_end = .)
                0x00000000200005f0                . = (. + _Min_Heap_Size)
 *fill*         0x00000000200003f0      0x200 
                0x00000000200009f0                . = (. + _Min_Stack_Size)
 *fill*         0x00000000200005f0      0x400 
                0x00000000200009f0                . = ALIGN (0x8)

/DISCARD/
 libc.a(*)
 libm.a(*)
 libgcc.a(*)

.ARM.attributes
                0x0000000000000000       0x29
 *(.ARM.attributes)
 .ARM.attributes
                0x0000000000000000       0x1d c:/st/stm32cubeide_1.10.1/stm32cubeide/plugins/com.st.stm32cube.ide.mcu.externaltools.gnu-tools-for-stm32.10.3-2021.10.win32_1.0.0.202111181127/tools/bin/../lib/gcc/arm-none-eabi/10.3.1/thumb/v7-m/nofp/crti.o
 .ARM.attributes
                0x000000000000001d       0x2d c:/st/stm32cubeide_1.10.1/stm32cubeide/plugins/com.st.stm32cube.ide.mcu.externaltools.gnu-tools-for-stm32.10.3-2021.10.win32_1.0.0.202111181127/tools/bin/../lib/gcc/arm-none-eabi/10.3.1/thumb/v7-m/nofp/crtbegin.o
 .ARM.attributes
                0x000000000000004a       0x2d ./Core/Src/global.o
 .ARM.attributes
                0x0000000000000077       0x2d ./Core/Src/main.o
 .ARM.attributes
                0x00000000000000a4       0x2d ./Core/Src/scheduler.o
 .ARM.attributes
                0x00000000000000d1       0x2d ./Core/Src/software_timer.o
 .ARM.attributes
                0x00000000000000fe       0x2d ./Core/Src/stm32f1xx_hal_msp.o
 .ARM.attributes
                0x000000000000012b       0x2d ./Core/Src/stm32f1xx_it.o
 .ARM.attributes
                0x0000000000000158       0x2d ./Core/Src/system_stm32f1xx.o
 .ARM.attributes
                0x0000000000000185       0x21 ./Core/Startup/startup_stm32f103c6ux.o
 .ARM.attributes
                0x00000000000001a6       0x2d ./Drivers/STM32F1xx_HAL_Driver/Src/stm32f1xx_hal.o
 .ARM.attributes
                0x00000000000001d3       0x2d ./Drivers/STM32F1xx_HAL_Driver/Src/stm32f1xx_hal_cortex.o
 .ARM.attributes
                0x0000000000000200       0x2d ./Drivers/STM32F1xx_HAL_Driver/Src/stm32f1xx_hal_dma.o
 .ARM.attributes
                0x000000000000022d       0x2d ./Drivers/STM32F1xx_HAL_Driver/Src/stm32f1xx_hal_gpio.o
 .ARM.attributes
                0x000000000000025a       0x2d ./Drivers/STM32F1xx_HAL_Driver/Src/stm32f1xx_hal_rcc.o
 .ARM.attributes
                0x0000000000000287       0x2d ./Drivers/STM32F1xx_HAL_Driver/Src/stm32f1xx_hal_tim.o
 .ARM.attributes
                0x00000000000002b4       0x2d ./Drivers/STM32F1xx_HAL_Driver/Src/stm32f1xx_hal_tim_ex.o
 .ARM.attributes
                0x00000000000002e1       0x2d ./Drivers/STM32F1xx_HAL_Driver/Src/stm32f1xx_hal_uart.o
 .ARM.attributes
                0x000000000000030e       0x2d c:/st/stm32cubeide_1.10.1/stm32cubeide/plugins/com.st.stm32cube.ide.mcu.externaltools.gnu-tools-for-stm32.10.3-2021.10.win32_1.0.0.202111181127/tools/bin/../lib/gcc/arm-none-eabi/10.3.1/../../../../arm-none-eabi/lib/thumb/v7-m/nofp\libc_nano.a(lib_a-init.o)
 .ARM.attributes
                0x000000000000033b       0x2d c:/st/stm32cubeide_1.10.1/stm32cubeide/plugins/com.st.stm32cube.ide.mcu.externaltools.gnu-tools-for-stm32.10.3-2021.10.win32_1.0.0.202111181127/tools/bin/../lib/gcc/arm-none-eabi/10.3.1/../../../../arm-none-eabi/lib/thumb/v7-m/nofp\libc_nano.a(lib_a-memset.o)
 .ARM.attributes
                0x0000000000000368       0x1d c:/st/stm32cubeide_1.10.1/stm32cubeide/plugins/com.st.stm32cube.ide.mcu.externaltools.gnu-tools-for-stm32.10.3-2021.10.win32_1.0.0.202111181127/tools/bin/../lib/gcc/arm-none-eabi/10.3.1/thumb/v7-m/nofp\libgcc.a(_arm_addsubdf3.o)
 .ARM.attributes
                0x0000000000000385       0x1d c:/st/stm32cubeide_1.10.1/stm32cubeide/plugins/com.st.stm32cube.ide.mcu.externaltools.gnu-tools-for-stm32.10.3-2021.10.win32_1.0.0.202111181127/tools/bin/../lib/gcc/arm-none-eabi/10.3.1/thumb/v7-m/nofp\libgcc.a(_arm_muldivdf3.o)
 .ARM.attributes
                0x00000000000003a2       0x1d c:/st/stm32cubeide_1.10.1/stm32cubeide/plugins/com.st.stm32cube.ide.mcu.externaltools.gnu-tools-for-stm32.10.3-2021.10.win32_1.0.0.202111181127/tools/bin/../lib/gcc/arm-none-eabi/10.3.1/thumb/v7-m/nofp\libgcc.a(_arm_fixdfsi.o)
 .ARM.attributes
                0x00000000000003bf       0x1d c:/st/stm32cubeide_1.10.1/stm32cubeide/plugins/com.st.stm32cube.ide.mcu.externaltools.gnu-tools-for-stm32.10.3-2021.10.win32_1.0.0.202111181127/tools/bin/../lib/gcc/arm-none-eabi/10.3.1/thumb/v7-m/nofp/crtn.o
OUTPUT(LAB4.elf elf32-littlearm)
LOAD linker stubs
LOAD c:/st/stm32cubeide_1.10.1/stm32cubeide/plugins/com.st.stm32cube.ide.mcu.externaltools.gnu-tools-for-stm32.10.3-2021.10.win32_1.0.0.202111181127/tools/bin/../lib/gcc/arm-none-eabi/10.3.1/../../../../arm-none-eabi/lib/thumb/v7-m/nofp\libc.a
LOAD c:/st/stm32cubeide_1.10.1/stm32cubeide/plugins/com.st.stm32cube.ide.mcu.externaltools.gnu-tools-for-stm32.10.3-2021.10.win32_1.0.0.202111181127/tools/bin/../lib/gcc/arm-none-eabi/10.3.1/../../../../arm-none-eabi/lib/thumb/v7-m/nofp\libm.a
LOAD c:/st/stm32cubeide_1.10.1/stm32cubeide/plugins/com.st.stm32cube.ide.mcu.externaltools.gnu-tools-for-stm32.10.3-2021.10.win32_1.0.0.202111181127/tools/bin/../lib/gcc/arm-none-eabi/10.3.1/thumb/v7-m/nofp\libgcc.a

.debug_info     0x0000000000000000     0xa8d0
 .debug_info    0x0000000000000000       0x5f ./Core/Src/global.o
 .debug_info    0x000000000000005f      0xf4e ./Core/Src/main.o
 .debug_info    0x0000000000000fad      0x296 ./Core/Src/scheduler.o
 .debug_info    0x0000000000001243      0x13c ./Core/Src/software_timer.o
 .debug_info    0x000000000000137f      0xcd4 ./Core/Src/stm32f1xx_hal_msp.o
 .debug_info    0x0000000000002053      0x989 ./Core/Src/stm32f1xx_it.o
 .debug_info    0x00000000000029dc      0x23d ./Core/Src/system_stm32f1xx.o
 .debug_info    0x0000000000002c19       0x22 ./Core/Startup/startup_stm32f103c6ux.o
 .debug_info    0x0000000000002c3b      0x716 ./Drivers/STM32F1xx_HAL_Driver/Src/stm32f1xx_hal.o
 .debug_info    0x0000000000003351      0xb02 ./Drivers/STM32F1xx_HAL_Driver/Src/stm32f1xx_hal_cortex.o
 .debug_info    0x0000000000003e53      0x73f ./Drivers/STM32F1xx_HAL_Driver/Src/stm32f1xx_hal_dma.o
 .debug_info    0x0000000000004592      0x615 ./Drivers/STM32F1xx_HAL_Driver/Src/stm32f1xx_hal_gpio.o
 .debug_info    0x0000000000004ba7      0x860 ./Drivers/STM32F1xx_HAL_Driver/Src/stm32f1xx_hal_rcc.o
 .debug_info    0x0000000000005407     0x29de ./Drivers/STM32F1xx_HAL_Driver/Src/stm32f1xx_hal_tim.o
 .debug_info    0x0000000000007de5     0x1513 ./Drivers/STM32F1xx_HAL_Driver/Src/stm32f1xx_hal_tim_ex.o
 .debug_info    0x00000000000092f8     0x15d8 ./Drivers/STM32F1xx_HAL_Driver/Src/stm32f1xx_hal_uart.o

.debug_abbrev   0x0000000000000000     0x1cc5
 .debug_abbrev  0x0000000000000000       0x31 ./Core/Src/global.o
 .debug_abbrev  0x0000000000000031      0x31b ./Core/Src/main.o
 .debug_abbrev  0x000000000000034c      0x19f ./Core/Src/scheduler.o
 .debug_abbrev  0x00000000000004eb       0xc1 ./Core/Src/software_timer.o
 .debug_abbrev  0x00000000000005ac      0x1c5 ./Core/Src/stm32f1xx_hal_msp.o
 .debug_abbrev  0x0000000000000771      0x184 ./Core/Src/stm32f1xx_it.o
 .debug_abbrev  0x00000000000008f5      0x13b ./Core/Src/system_stm32f1xx.o
 .debug_abbrev  0x0000000000000a30       0x12 ./Core/Startup/startup_stm32f103c6ux.o
 .debug_abbrev  0x0000000000000a42      0x1fb ./Drivers/STM32F1xx_HAL_Driver/Src/stm32f1xx_hal.o
 .debug_abbrev  0x0000000000000c3d      0x2ed ./Drivers/STM32F1xx_HAL_Driver/Src/stm32f1xx_hal_cortex.o
 .debug_abbrev  0x0000000000000f2a      0x1fe ./Drivers/STM32F1xx_HAL_Driver/Src/stm32f1xx_hal_dma.o
 .debug_abbrev  0x0000000000001128      0x1bb ./Drivers/STM32F1xx_HAL_Driver/Src/stm32f1xx_hal_gpio.o
 .debug_abbrev  0x00000000000012e3      0x2a8 ./Drivers/STM32F1xx_HAL_Driver/Src/stm32f1xx_hal_rcc.o
 .debug_abbrev  0x000000000000158b      0x25d ./Drivers/STM32F1xx_HAL_Driver/Src/stm32f1xx_hal_tim.o
 .debug_abbrev  0x00000000000017e8      0x265 ./Drivers/STM32F1xx_HAL_Driver/Src/stm32f1xx_hal_tim_ex.o
 .debug_abbrev  0x0000000000001a4d      0x278 ./Drivers/STM32F1xx_HAL_Driver/Src/stm32f1xx_hal_uart.o

.debug_aranges  0x0000000000000000      0xc98
 .debug_aranges
                0x0000000000000000       0x18 ./Core/Src/global.o
 .debug_aranges
                0x0000000000000018       0x80 ./Core/Src/main.o
 .debug_aranges
                0x0000000000000098       0x50 ./Core/Src/scheduler.o
 .debug_aranges
                0x00000000000000e8       0x30 ./Core/Src/software_timer.o
 .debug_aranges
                0x0000000000000118       0x40 ./Core/Src/stm32f1xx_hal_msp.o
 .debug_aranges
                0x0000000000000158       0x70 ./Core/Src/stm32f1xx_it.o
 .debug_aranges
                0x00000000000001c8       0x28 ./Core/Src/system_stm32f1xx.o
 .debug_aranges
                0x00000000000001f0       0x28 ./Core/Startup/startup_stm32f103c6ux.o
 .debug_aranges
                0x0000000000000218       0xe0 ./Drivers/STM32F1xx_HAL_Driver/Src/stm32f1xx_hal.o
 .debug_aranges
                0x00000000000002f8      0x100 ./Drivers/STM32F1xx_HAL_Driver/Src/stm32f1xx_hal_cortex.o
 .debug_aranges
                0x00000000000003f8       0x80 ./Drivers/STM32F1xx_HAL_Driver/Src/stm32f1xx_hal_dma.o
 .debug_aranges
                0x0000000000000478       0x58 ./Drivers/STM32F1xx_HAL_Driver/Src/stm32f1xx_hal_gpio.o
 .debug_aranges
                0x00000000000004d0       0x90 ./Drivers/STM32F1xx_HAL_Driver/Src/stm32f1xx_hal_rcc.o
 .debug_aranges
                0x0000000000000560      0x3d0 ./Drivers/STM32F1xx_HAL_Driver/Src/stm32f1xx_hal_tim.o
 .debug_aranges
                0x0000000000000930      0x168 ./Drivers/STM32F1xx_HAL_Driver/Src/stm32f1xx_hal_tim_ex.o
 .debug_aranges
                0x0000000000000a98      0x200 ./Drivers/STM32F1xx_HAL_Driver/Src/stm32f1xx_hal_uart.o

.debug_macro    0x0000000000000000    0x17b19
 .debug_macro   0x0000000000000000       0x11 ./Core/Src/global.o
 .debug_macro   0x0000000000000011      0xa6c ./Core/Src/global.o
 .debug_macro   0x0000000000000a7d      0x36d ./Core/Src/main.o
 .debug_macro   0x0000000000000dea      0x21b ./Core/Src/main.o
 .debug_macro   0x0000000000001005       0x2e ./Core/Src/main.o
 .debug_macro   0x0000000000001033       0x22 ./Core/Src/main.o
 .debug_macro   0x0000000000001055       0x22 ./Core/Src/main.o
 .debug_macro   0x0000000000001077       0x8e ./Core/Src/main.o
 .debug_macro   0x0000000000001105       0x51 ./Core/Src/main.o
 .debug_macro   0x0000000000001156      0x103 ./Core/Src/main.o
 .debug_macro   0x0000000000001259       0x6a ./Core/Src/main.o
 .debug_macro   0x00000000000012c3      0x1df ./Core/Src/main.o
 .debug_macro   0x00000000000014a2       0x1c ./Core/Src/main.o
 .debug_macro   0x00000000000014be       0x22 ./Core/Src/main.o
 .debug_macro   0x00000000000014e0       0xbd ./Core/Src/main.o
 .debug_macro   0x000000000000159d      0xd23 ./Core/Src/main.o
 .debug_macro   0x00000000000022c0     0xde75 ./Core/Src/main.o
 .debug_macro   0x0000000000010135       0x6d ./Core/Src/main.o
 .debug_macro   0x00000000000101a2     0x3468 ./Core/Src/main.o
 .debug_macro   0x000000000001360a      0x174 ./Core/Src/main.o
 .debug_macro   0x000000000001377e       0x5c ./Core/Src/main.o
 .debug_macro   0x00000000000137da      0x5be ./Core/Src/main.o
 .debug_macro   0x0000000000013d98      0x1b7 ./Core/Src/main.o
 .debug_macro   0x0000000000013f4f      0x1cb ./Core/Src/main.o
 .debug_macro   0x000000000001411a      0x114 ./Core/Src/main.o
 .debug_macro   0x000000000001422e      0x1b2 ./Core/Src/main.o
 .debug_macro   0x00000000000143e0       0x27 ./Core/Src/main.o
 .debug_macro   0x0000000000014407      0x12f ./Core/Src/main.o
 .debug_macro   0x0000000000014536      0x1bc ./Core/Src/main.o
 .debug_macro   0x00000000000146f2       0x34 ./Core/Src/main.o
 .debug_macro   0x0000000000014726       0x3c ./Core/Src/main.o
 .debug_macro   0x0000000000014762       0x57 ./Core/Src/main.o
 .debug_macro   0x00000000000147b9       0x88 ./Core/Src/main.o
 .debug_macro   0x0000000000014841      0x183 ./Core/Src/main.o
 .debug_macro   0x00000000000149c4      0x141 ./Core/Src/main.o
 .debug_macro   0x0000000000014b05      0x8d1 ./Core/Src/main.o
 .debug_macro   0x00000000000153d6      0x279 ./Core/Src/main.o
 .debug_macro   0x000000000001564f       0x69 ./Core/Src/main.o
 .debug_macro   0x00000000000156b8       0x4c ./Core/Src/main.o
 .debug_macro   0x0000000000015704       0x18 ./Core/Src/main.o
 .debug_macro   0x000000000001571c       0x52 ./Core/Src/main.o
 .debug_macro   0x000000000001576e       0x3c ./Core/Src/main.o
 .debug_macro   0x00000000000157aa       0x34 ./Core/Src/main.o
 .debug_macro   0x00000000000157de       0x16 ./Core/Src/main.o
 .debug_macro   0x00000000000157f4       0x35 ./Core/Src/main.o
 .debug_macro   0x0000000000015829       0x16 ./Core/Src/main.o
 .debug_macro   0x000000000001583f       0x43 ./Core/Src/main.o
 .debug_macro   0x0000000000015882       0x34 ./Core/Src/main.o
 .debug_macro   0x00000000000158b6       0x10 ./Core/Src/main.o
 .debug_macro   0x00000000000158c6       0x58 ./Core/Src/main.o
 .debug_macro   0x000000000001591e       0x71 ./Core/Src/main.o
 .debug_macro   0x000000000001598f       0x1c ./Core/Src/main.o
 .debug_macro   0x00000000000159ab      0x12a ./Core/Src/main.o
 .debug_macro   0x0000000000015ad5      0x341 ./Core/Src/main.o
 .debug_macro   0x0000000000015e16       0x16 ./Core/Src/main.o
 .debug_macro   0x0000000000015e2c       0x29 ./Core/Src/main.o
 .debug_macro   0x0000000000015e55       0x1c ./Core/Src/main.o
 .debug_macro   0x0000000000015e71       0x10 ./Core/Src/main.o
 .debug_macro   0x0000000000015e81       0x10 ./Core/Src/main.o
 .debug_macro   0x0000000000015e91       0x1c ./Core/Src/main.o
 .debug_macro   0x0000000000015ead       0x52 ./Core/Src/main.o
 .debug_macro   0x0000000000015eff       0x22 ./Core/Src/main.o
 .debug_macro   0x0000000000015f21       0x10 ./Core/Src/main.o
 .debug_macro   0x0000000000015f31       0x52 ./Core/Src/main.o
 .debug_macro   0x0000000000015f83       0xd5 ./Core/Src/main.o
 .debug_macro   0x0000000000016058       0x1c ./Core/Src/main.o
 .debug_macro   0x0000000000016074       0x3d ./Core/Src/main.o
 .debug_macro   0x00000000000160b1       0x16 ./Core/Src/main.o
 .debug_macro   0x00000000000160c7      0x145 ./Core/Src/main.o
 .debug_macro   0x000000000001620c       0x52 ./Core/Src/main.o
 .debug_macro   0x000000000001625e      0x365 ./Core/Src/scheduler.o
 .debug_macro   0x00000000000165c3      0x295 ./Core/Src/software_timer.o
 .debug_macro   0x0000000000016858      0x1b1 ./Core/Src/stm32f1xx_hal_msp.o
 .debug_macro   0x0000000000016a09      0x1bb ./Core/Src/stm32f1xx_it.o
 .debug_macro   0x0000000000016bc4      0x1a2 ./Core/Src/system_stm32f1xx.o
 .debug_macro   0x0000000000016d66      0x1c6 ./Drivers/STM32F1xx_HAL_Driver/Src/stm32f1xx_hal.o
 .debug_macro   0x0000000000016f2c      0x1a2 ./Drivers/STM32F1xx_HAL_Driver/Src/stm32f1xx_hal_cortex.o
 .debug_macro   0x00000000000170ce      0x1a2 ./Drivers/STM32F1xx_HAL_Driver/Src/stm32f1xx_hal_dma.o
 .debug_macro   0x0000000000017270      0x20d ./Drivers/STM32F1xx_HAL_Driver/Src/stm32f1xx_hal_gpio.o
 .debug_macro   0x000000000001747d      0x1b4 ./Drivers/STM32F1xx_HAL_Driver/Src/stm32f1xx_hal_rcc.o
 .debug_macro   0x0000000000017631      0x1a3 ./Drivers/STM32F1xx_HAL_Driver/Src/stm32f1xx_hal_tim.o
 .debug_macro   0x00000000000177d4      0x1a2 ./Drivers/STM32F1xx_HAL_Driver/Src/stm32f1xx_hal_tim_ex.o
 .debug_macro   0x0000000000017976      0x1a3 ./Drivers/STM32F1xx_HAL_Driver/Src/stm32f1xx_hal_uart.o

.debug_line     0x0000000000000000     0xcfca
 .debug_line    0x0000000000000000       0x35 ./Core/Src/global.o
 .debug_line    0x0000000000000035      0xa83 ./Core/Src/main.o
 .debug_line    0x0000000000000ab8      0xa09 ./Core/Src/scheduler.o
 .debug_line    0x00000000000014c1      0x837 ./Core/Src/software_timer.o
 .debug_line    0x0000000000001cf8      0x702 ./Core/Src/stm32f1xx_hal_msp.o
 .debug_line    0x00000000000023fa      0x764 ./Core/Src/stm32f1xx_it.o
 .debug_line    0x0000000000002b5e      0x6f0 ./Core/Src/system_stm32f1xx.o
 .debug_line    0x000000000000324e       0x87 ./Core/Startup/startup_stm32f103c6ux.o
 .debug_line    0x00000000000032d5      0x91d ./Drivers/STM32F1xx_HAL_Driver/Src/stm32f1xx_hal.o
 .debug_line    0x0000000000003bf2      0xb05 ./Drivers/STM32F1xx_HAL_Driver/Src/stm32f1xx_hal_cortex.o
 .debug_line    0x00000000000046f7      0xd75 ./Drivers/STM32F1xx_HAL_Driver/Src/stm32f1xx_hal_dma.o
 .debug_line    0x000000000000546c      0x99f ./Drivers/STM32F1xx_HAL_Driver/Src/stm32f1xx_hal_gpio.o
 .debug_line    0x0000000000005e0b      0xd2b ./Drivers/STM32F1xx_HAL_Driver/Src/stm32f1xx_hal_rcc.o
 .debug_line    0x0000000000006b36     0x3289 ./Drivers/STM32F1xx_HAL_Driver/Src/stm32f1xx_hal_tim.o
 .debug_line    0x0000000000009dbf     0x1813 ./Drivers/STM32F1xx_HAL_Driver/Src/stm32f1xx_hal_tim_ex.o
 .debug_line    0x000000000000b5d2     0x19f8 ./Drivers/STM32F1xx_HAL_Driver/Src/stm32f1xx_hal_uart.o

.debug_str      0x0000000000000000    0x88249
 .debug_str     0x0000000000000000     0x2cc8 ./Core/Src/global.o
                                       0x2cce (size before relaxing)
 .debug_str     0x0000000000002cc8    0x82a29 ./Core/Src/main.o
                                      0x85ae0 (size before relaxing)
 .debug_str     0x00000000000856f1       0xa3 ./Core/Src/scheduler.o
                                      0x85092 (size before relaxing)
 .debug_str     0x0000000000085794       0x66 ./Core/Src/software_timer.o
                                      0x83e9a (size before relaxing)
 .debug_str     0x00000000000857fa      0x30c ./Core/Src/stm32f1xx_hal_msp.o
                                      0x81a4a (size before relaxing)
 .debug_str     0x0000000000085b06      0x112 ./Core/Src/stm32f1xx_it.o
                                      0x81755 (size before relaxing)
 .debug_str     0x0000000000085c18       0x7e ./Core/Src/system_stm32f1xx.o
                                      0x80f53 (size before relaxing)
 .debug_str     0x0000000000085c96       0x36 ./Core/Startup/startup_stm32f103c6ux.o
                                         0x8d (size before relaxing)
 .debug_str     0x0000000000085ccc      0x38e ./Drivers/STM32F1xx_HAL_Driver/Src/stm32f1xx_hal.o
                                      0x8164c (size before relaxing)
 .debug_str     0x000000000008605a      0x29e ./Drivers/STM32F1xx_HAL_Driver/Src/stm32f1xx_hal_cortex.o
                                      0x81598 (size before relaxing)
 .debug_str     0x00000000000862f8      0x235 ./Drivers/STM32F1xx_HAL_Driver/Src/stm32f1xx_hal_dma.o
                                      0x812fc (size before relaxing)
 .debug_str     0x000000000008652d      0x2f2 ./Drivers/STM32F1xx_HAL_Driver/Src/stm32f1xx_hal_gpio.o
                                      0x812d9 (size before relaxing)
 .debug_str     0x000000000008681f      0x229 ./Drivers/STM32F1xx_HAL_Driver/Src/stm32f1xx_hal_rcc.o
                                      0x81382 (size before relaxing)
 .debug_str     0x0000000000086a48      0xda3 ./Drivers/STM32F1xx_HAL_Driver/Src/stm32f1xx_hal_tim.o
                                      0x8236d (size before relaxing)
 .debug_str     0x00000000000877eb      0x493 ./Drivers/STM32F1xx_HAL_Driver/Src/stm32f1xx_hal_tim_ex.o
                                      0x81b89 (size before relaxing)
 .debug_str     0x0000000000087c7e      0x5cb ./Drivers/STM32F1xx_HAL_Driver/Src/stm32f1xx_hal_uart.o
                                      0x8198d (size before relaxing)

.comment        0x0000000000000000       0x50
 .comment       0x0000000000000000       0x50 ./Core/Src/global.o
                                         0x51 (size before relaxing)
 .comment       0x0000000000000050       0x51 ./Core/Src/main.o
 .comment       0x0000000000000050       0x51 ./Core/Src/scheduler.o
 .comment       0x0000000000000050       0x51 ./Core/Src/software_timer.o
 .comment       0x0000000000000050       0x51 ./Core/Src/stm32f1xx_hal_msp.o
 .comment       0x0000000000000050       0x51 ./Core/Src/stm32f1xx_it.o
 .comment       0x0000000000000050       0x51 ./Core/Src/system_stm32f1xx.o
 .comment       0x0000000000000050       0x51 ./Drivers/STM32F1xx_HAL_Driver/Src/stm32f1xx_hal.o
 .comment       0x0000000000000050       0x51 ./Drivers/STM32F1xx_HAL_Driver/Src/stm32f1xx_hal_cortex.o
 .comment       0x0000000000000050       0x51 ./Drivers/STM32F1xx_HAL_Driver/Src/stm32f1xx_hal_dma.o
 .comment       0x0000000000000050       0x51 ./Drivers/STM32F1xx_HAL_Driver/Src/stm32f1xx_hal_gpio.o
 .comment       0x0000000000000050       0x51 ./Drivers/STM32F1xx_HAL_Driver/Src/stm32f1xx_hal_rcc.o
 .comment       0x0000000000000050       0x51 ./Drivers/STM32F1xx_HAL_Driver/Src/stm32f1xx_hal_tim.o
 .comment       0x0000000000000050       0x51 ./Drivers/STM32F1xx_HAL_Driver/Src/stm32f1xx_hal_tim_ex.o
 .comment       0x0000000000000050       0x51 ./Drivers/STM32F1xx_HAL_Driver/Src/stm32f1xx_hal_uart.o

.debug_ranges   0x0000000000000000      0xbc8
 .debug_ranges  0x0000000000000000       0x70 ./Core/Src/main.o
 .debug_ranges  0x0000000000000070       0x40 ./Core/Src/scheduler.o
 .debug_ranges  0x00000000000000b0       0x20 ./Core/Src/software_timer.o
 .debug_ranges  0x00000000000000d0       0x30 ./Core/Src/stm32f1xx_hal_msp.o
 .debug_ranges  0x0000000000000100       0x60 ./Core/Src/stm32f1xx_it.o
 .debug_ranges  0x0000000000000160       0x18 ./Core/Src/system_stm32f1xx.o
 .debug_ranges  0x0000000000000178       0x20 ./Core/Startup/startup_stm32f103c6ux.o
 .debug_ranges  0x0000000000000198       0xd0 ./Drivers/STM32F1xx_HAL_Driver/Src/stm32f1xx_hal.o
 .debug_ranges  0x0000000000000268       0xf0 ./Drivers/STM32F1xx_HAL_Driver/Src/stm32f1xx_hal_cortex.o
 .debug_ranges  0x0000000000000358       0x70 ./Drivers/STM32F1xx_HAL_Driver/Src/stm32f1xx_hal_dma.o
 .debug_ranges  0x00000000000003c8       0x48 ./Drivers/STM32F1xx_HAL_Driver/Src/stm32f1xx_hal_gpio.o
 .debug_ranges  0x0000000000000410       0x80 ./Drivers/STM32F1xx_HAL_Driver/Src/stm32f1xx_hal_rcc.o
 .debug_ranges  0x0000000000000490      0x3c0 ./Drivers/STM32F1xx_HAL_Driver/Src/stm32f1xx_hal_tim.o
 .debug_ranges  0x0000000000000850      0x158 ./Drivers/STM32F1xx_HAL_Driver/Src/stm32f1xx_hal_tim_ex.o
 .debug_ranges  0x00000000000009a8      0x220 ./Drivers/STM32F1xx_HAL_Driver/Src/stm32f1xx_hal_uart.o

.debug_frame    0x0000000000000000     0x34c4
 .debug_frame   0x0000000000000000      0x19c ./Core/Src/main.o
 .debug_frame   0x000000000000019c      0x110 ./Core/Src/scheduler.o
 .debug_frame   0x00000000000002ac       0x80 ./Core/Src/software_timer.o
 .debug_frame   0x000000000000032c       0xc8 ./Core/Src/stm32f1xx_hal_msp.o
 .debug_frame   0x00000000000003f4      0x13c ./Core/Src/stm32f1xx_it.o
 .debug_frame   0x0000000000000530       0x58 ./Core/Src/system_stm32f1xx.o
 .debug_frame   0x0000000000000588      0x334 ./Drivers/STM32F1xx_HAL_Driver/Src/stm32f1xx_hal.o
 .debug_frame   0x00000000000008bc      0x428 ./Drivers/STM32F1xx_HAL_Driver/Src/stm32f1xx_hal_cortex.o
 .debug_frame   0x0000000000000ce4      0x208 ./Drivers/STM32F1xx_HAL_Driver/Src/stm32f1xx_hal_dma.o
 .debug_frame   0x0000000000000eec      0x14c ./Drivers/STM32F1xx_HAL_Driver/Src/stm32f1xx_hal_gpio.o
 .debug_frame   0x0000000000001038      0x21c ./Drivers/STM32F1xx_HAL_Driver/Src/stm32f1xx_hal_rcc.o
 .debug_frame   0x0000000000001254     0x11b8 ./Drivers/STM32F1xx_HAL_Driver/Src/stm32f1xx_hal_tim.o
 .debug_frame   0x000000000000240c      0x638 ./Drivers/STM32F1xx_HAL_Driver/Src/stm32f1xx_hal_tim_ex.o
 .debug_frame   0x0000000000002a44      0x914 ./Drivers/STM32F1xx_HAL_Driver/Src/stm32f1xx_hal_uart.o
 .debug_frame   0x0000000000003358       0x2c c:/st/stm32cubeide_1.10.1/stm32cubeide/plugins/com.st.stm32cube.ide.mcu.externaltools.gnu-tools-for-stm32.10.3-2021.10.win32_1.0.0.202111181127/tools/bin/../lib/gcc/arm-none-eabi/10.3.1/../../../../arm-none-eabi/lib/thumb/v7-m/nofp\libc_nano.a(lib_a-init.o)
 .debug_frame   0x0000000000003384       0x20 c:/st/stm32cubeide_1.10.1/stm32cubeide/plugins/com.st.stm32cube.ide.mcu.externaltools.gnu-tools-for-stm32.10.3-2021.10.win32_1.0.0.202111181127/tools/bin/../lib/gcc/arm-none-eabi/10.3.1/../../../../arm-none-eabi/lib/thumb/v7-m/nofp\libc_nano.a(lib_a-memset.o)
 .debug_frame   0x00000000000033a4       0xac c:/st/stm32cubeide_1.10.1/stm32cubeide/plugins/com.st.stm32cube.ide.mcu.externaltools.gnu-tools-for-stm32.10.3-2021.10.win32_1.0.0.202111181127/tools/bin/../lib/gcc/arm-none-eabi/10.3.1/thumb/v7-m/nofp\libgcc.a(_arm_addsubdf3.o)
 .debug_frame   0x0000000000003450       0x50 c:/st/stm32cubeide_1.10.1/stm32cubeide/plugins/com.st.stm32cube.ide.mcu.externaltools.gnu-tools-for-stm32.10.3-2021.10.win32_1.0.0.202111181127/tools/bin/../lib/gcc/arm-none-eabi/10.3.1/thumb/v7-m/nofp\libgcc.a(_arm_muldivdf3.o)
 .debug_frame   0x00000000000034a0       0x24 c:/st/stm32cubeide_1.10.1/stm32cubeide/plugins/com.st.stm32cube.ide.mcu.externaltools.gnu-tools-for-stm32.10.3-2021.10.win32_1.0.0.202111181127/tools/bin/../lib/gcc/arm-none-eabi/10.3.1/thumb/v7-m/nofp\libgcc.a(_arm_fixdfsi.o)
