../Core/Src/main.c:63:6:blinkLed1	8	static
../Core/Src/main.c:67:6:blinkLed2	8	static
../Core/Src/main.c:71:6:blinkLed3	8	static
../Core/Src/main.c:75:6:blinkLed4	8	static
../Core/Src/main.c:79:6:blinkLed5	8	static
../Core/Src/main.c:83:6:oneshot	8	static
../Core/Src/main.c:100:5:main	8	static
../Core/Src/main.c:154:6:SystemClock_Config	72	static
../Core/Src/main.c:191:13:MX_TIM2_Init	40	static
../Core/Src/main.c:236:13:MX_USART2_UART_Init	8	static
../Core/Src/main.c:269:13:MX_GPIO_Init	32	static
../Core/Src/main.c:292:6:HAL_TIM_PeriodElapsedCallback	16	static
../Core/Src/main.c:302:6:Error_Handler	4	static,ignoring_inline_asm
